<indicator additive="true">
    <name>Number of mothers who were expected / are expected to deliver in a period</name>
    <categories>
        <category name="Birth preparedness plan"/>
    </categories>
    <owners>
        <reportviews>
            <reportview name="Operational Manager"/>
        </reportviews>
    </owners>
    <trend>3</trend>
    <reports>
        <report type="Line Chart" label-x="Time" label-y="Value" />
    </reports>
    <area name="Bihar" level="State"/>
    <default-frequency>Daily</default-frequency>
    <numerator>
        <dw-query dimension-key="id" fact-key="case_id">
            <select-columns>
                <select-column aggregation="Count" fieldName="*" />
            </select-columns>
            <dimension tableName="mother_case" />
            <where-group>
                <where-condition type="period">
                    <table-name>mother_case</table-name>
                    <field>edd</field>
                </where-condition>
            </where-group>
        </dw-query>
    </numerator>
</indicator>
